c:\users\vinic\downloads\timerdxut\timerdxut\timerdxut\x64\debug\vc142.pdb
c:\users\vinic\downloads\timerdxut\timerdxut\timerdxut\x64\debug\vc142.idb
c:\users\vinic\downloads\timerdxut\timerdxut\timerdxut\x64\debug\window.obj
c:\users\vinic\downloads\timerdxut\timerdxut\timerdxut\x64\debug\timerdxut.obj
c:\users\vinic\downloads\timerdxut\timerdxut\timerdxut\x64\debug\timer.obj
c:\users\vinic\downloads\timerdxut\timerdxut\timerdxut\x64\debug\input.obj
c:\users\vinic\downloads\timerdxut\timerdxut\timerdxut\x64\debug\engine.obj
c:\users\vinic\downloads\timerdxut\timerdxut\timerdxut\x64\debug\app.obj
c:\users\vinic\downloads\pong\pong\timerdxut\x64\debug\vc142.pdb
c:\users\vinic\downloads\pong\pong\timerdxut\x64\debug\vc142.idb
c:\users\vinic\downloads\pong\pong\timerdxut\x64\debug\window.obj
c:\users\vinic\downloads\pong\pong\timerdxut\x64\debug\timerdxut.obj
c:\users\vinic\downloads\pong\pong\timerdxut\x64\debug\timer.obj
c:\users\vinic\downloads\pong\pong\timerdxut\x64\debug\input.obj
c:\users\vinic\downloads\pong\pong\timerdxut\x64\debug\engine.obj
c:\users\vinic\downloads\pong\pong\timerdxut\x64\debug\app.obj
c:\users\vinic\downloads\timerdxut\timerdxut\x64\debug\timerdxut.exe
c:\users\vinic\downloads\timerdxut\timerdxut\timerdxut\x64\debug\timerdxut.ilk
c:\users\vinic\downloads\timerdxut\timerdxut\x64\debug\timerdxut.pdb
c:\users\vinic\downloads\pong\pong\x64\debug\timerdxut.exe
c:\users\vinic\downloads\pong\pong\timerdxut\x64\debug\timerdxut.ilk
c:\users\vinic\downloads\pong\pong\x64\debug\timerdxut.pdb
c:\users\vinic\downloads\timerdxut\timerdxut\timerdxut\x64\debug\resources.res
c:\users\vinic\downloads\pong\pong\timerdxut\x64\debug\resources.res
c:\users\user\documents\pong\timerdxut\x64\debug\app.obj
c:\users\user\documents\pong\timerdxut\x64\debug\engine.obj
c:\users\user\documents\pong\timerdxut\x64\debug\input.obj
c:\users\user\documents\pong\timerdxut\x64\debug\timer.obj
c:\users\user\documents\pong\timerdxut\x64\debug\timerdxut.obj
c:\users\user\documents\pong\timerdxut\x64\debug\window.obj
c:\users\user\documents\pong\timerdxut\x64\debug\timerdxut.ilk
c:\users\user\documents\pong\timerdxut\x64\debug\resources.res
c:\users\user\documents\pong\timerdxut\x64\debug\vc142.idb
c:\users\user\documents\pong\timerdxut\x64\debug\vc142.pdb
c:\users\user\documents\pong\x64\debug\timerdxut.pdb
c:\users\user\documents\pong\x64\debug\timerdxut.exe
c:\users\user\documents\pong\timerdxut\x64\debug\timerdxut.tlog\cl.command.1.tlog
c:\users\user\documents\pong\timerdxut\x64\debug\timerdxut.tlog\cl.read.1.tlog
c:\users\user\documents\pong\timerdxut\x64\debug\timerdxut.tlog\cl.write.1.tlog
c:\users\user\documents\pong\timerdxut\x64\debug\timerdxut.tlog\link.command.1.tlog
c:\users\user\documents\pong\timerdxut\x64\debug\timerdxut.tlog\link.read.1.tlog
c:\users\user\documents\pong\timerdxut\x64\debug\timerdxut.tlog\link.write.1.tlog
c:\users\user\documents\pong\timerdxut\x64\debug\timerdxut.tlog\rc.command.1.tlog
c:\users\user\documents\pong\timerdxut\x64\debug\timerdxut.tlog\rc.read.1.tlog
c:\users\user\documents\pong\timerdxut\x64\debug\timerdxut.tlog\rc.write.1.tlog
